{"schema":1,"group":"myapp","members":[{"service":"producer","container":"myapp-producer-1","restored":true,"sessions":["s-k3f9"]},{"service":"consumer","container":"myapp-consumer-1","restored":true},{"service":"db","restored":false,"skipped":"not in fast mode"},{"service":"api","container":"myapp-api-1","restored":false,"error":{"code":"ATTACH_FAILED","message":"docker compose up failed: container myapp-producer-1 is unhealthy","hint":"see 'docker compose ps'"}}],"removed":false}
