group myapp: s-k3f9 (web) stopped: breakpoint
session s-k3f9 (dotnet, netcoredbg; service web, container myapp-web-1, group myapp) stopped: breakpoint, thread 4242 (stopped 5s)
  at Program.<Main>$() Program.cs:4
    3 | {
  > 4 |     total += i;
    5 |     Console.WriteLine(total);
also stopped:
  consumer (s-m2n4)  pause      stopped 12s
  s-q8x1             exception  stopped 3m0s
to act on it: eyedbg vars -s s-k3f9, eyedbg continue -s s-k3f9; 'eyedbg compose wait --new -g myapp' waits for the next stop
