{"schema":1,"elapsedMs":1100,"counters":[{"name":"cpu-usage","unit":"%","kind":"gauge","value":0.5},{"name":"working-set","unit":"MB","kind":"gauge","value":49.25},{"name":"alloc-rate","unit":"B","kind":"sum","value":1024},{"name":"exception-count","unit":"","kind":"sum","value":2},{"name":"aa-custom","unit":"","kind":"gauge","value":3},{"name":"zz-custom","unit":"","kind":"gauge","value":1}]}
{"schema":1,"elapsedMs":2100,"counters":[{"name":"cpu-usage","unit":"%","kind":"gauge","value":12.345},{"name":"working-set","unit":"MB","kind":"gauge","value":49.25},{"name":"alloc-rate","unit":"B","kind":"sum","value":2048},{"name":"exception-count","unit":"","kind":"sum","value":0},{"name":"aa-custom","unit":"","kind":"gauge","value":3},{"name":"zz-custom","unit":"","kind":"gauge","value":1}]}
