heap of pid 4321 (dotnet), session s-k3f9 · dump /home/u/.eyedbg/dumps/4321-20260925T150300Z-heap-1f3a9c0e.dmp (.NET 10.0.12, workstation GC)
5,332 objects, 435.8 KiB: gen0 420.1 KiB, gen1 0 B, gen2 0 B, LOH 0 B, POH 8.0 KiB, frozen 7.7 KiB
top 4 of 93 types by size:
      BYTES  COUNT  TYPE
  234.4 KiB  5,000  Retained
  128.3 KiB     13  Retained[]
    1.0 MiB      1  App.Evil?[2J?
   48.4 KiB  1,144  System.String
…89 more types (--top N, --type PATTERN)
same dump: eyedbg dotnet threads /home/u/.eyedbg/dumps/4321-20260925T150300Z-heap-1f3a9c0e.dmp
heap of dump /tmp/app.dmp (.NET 10.0.12, workstation GC)
5,332 objects, 435.8 KiB: gen0 420.1 KiB, gen1 0 B, gen2 0 B, LOH 0 B, POH 8.0 KiB, frozen 7.7 KiB
no types matching "Nope"
