{"schema":1,"target":{"pid":4321,"name":"dotnet","session":"s-k3f9"},"provider":"System.Runtime","intervalSec":1,"durationMs":5000,"samples":3,"missedIntervals":2,"endReason":"exited","counters":[{"name":"cpu-usage","displayName":"Display cpu-usage","unit":"%","kind":"gauge","last":0.0286,"min":0.0286,"max":12.345},{"name":"working-set","displayName":"Display working-set","unit":"MB","kind":"gauge","last":50.5,"min":49.25,"max":50.5},{"name":"alloc-rate","displayName":"Display alloc-rate","unit":"B","kind":"sum","total":6144,"perSecond":2048},{"name":"exception-count","displayName":"Display exception-count","unit":"","kind":"sum","total":6,"perSecond":2},{"name":"aa-custom","displayName":"Display aa-custom","unit":"","kind":"gauge","last":3,"min":3,"max":3},{"name":"zz-custom","displayName":"Display zz-custom","unit":"","kind":"gauge","last":1,"min":1,"max":1}]}
