{"schema":1,"target":{"pid":77,"name":"evil\u001b[2J"},"trace":{"path":"/tmp/my traces/gc.nettrace","private":false,"taken":true,"bytes":26214400},"profile":"gc","endReason":"exited","durationMs":10004,"eventsLost":5,"gc":{"collections":3048,"gen0":3048,"gen1":0,"gen2":0,"background":0,"induced":0,"pauseTotalMs":559.02,"pauseMaxMs":0.52},"allocations":{"ticks":186000,"bytes":19112345678,"typeCount":4,"types":[{"name":"System.Byte[]","ticks":185000,"bytes":19012345678},{"name":"App.Evil\u001b]0;x\u0007Type","ticks":900,"bytes":95000000},{"name":"System.String","ticks":100,"bytes":5000000}],"typesOmitted":1}}
{"schema":1,"target":{"pid":4321,"name":"dotnet","session":"s-k3f9"},"trace":{"path":"/home/u/.eyedbg/traces/4321-20260925T150300Z-gc-1f3a9c0e.nettrace","private":true,"taken":true,"bytes":2048},"profile":"gc","endReason":"duration","durationMs":3001,"eventsLost":0}
