ID      LANG    ADAPTER     STATE                 LEASE  CONNECTED  PROGRAM
s-k3f9  dotnet  netcoredbg  stopped (breakpoint)  agent  -          /work/app/bin/Debug/net10.0/app.dll
s-7f3k  dotnet  -           lost                  -      -          /work/old/bin/Debug/net10.0/old.dll
(lost: eyedbgd exited while it was live; 'eyedbg sessions --json' has its recording; 'eyedbg stop -s ID' forgets it)
